Listing 'apps/backend_api/models'...
Compiling 'apps/backend_api/models\\__init__.py'...
*** SyntaxError: source code string cannot contain null bytes

Listing 'apps/backend_api/schemas'...
Compiling 'apps/backend_api/schemas\\__init__.py'...
*** SyntaxError: source code string cannot contain null bytes

Listing 'apps/backend_api/routers'...
Compiling 'apps/backend_api/routers\\__init__.py'...
*** SyntaxError: source code string cannot contain null bytes

